<?xml version="1.0" encoding="utf-8" ?>
<!DOCTYPE html PUBLIC "-//W3C//DTD XHTML 1.0 Transitional//EN"
  "http://www.w3.org/TR/xhtml1/DTD/xhtml1-transitional.dtd">
<!--  This file is generated by Nim. -->
<html xmlns="http://www.w3.org/1999/xhtml" xml:lang="en" lang="en">
<head>
<meta http-equiv="Content-Type" content="text/html; charset=utf-8" />

<meta name="viewport" content="width=device-width, initial-scale=1.0">

<!-- Favicon -->
<link rel="shortcut icon" href="data:image/x-icon;base64,AAABAAEAEBAAAAEAIABoBAAAFgAAACgAAAAQAAAAIAAAAAEAIAAAAAAAAAAAAAAAAAAAAAAAAAAAAAAAAAD///8A////AP///wD///8A////AP///wD///8A////AP///wD///8A////AP///wD///8A////AP///wD///8A////AP///wD///8A////AP///wD///8A////AAAAAAUAAAAF////AP///wD///8A////AP///wD///8A////AP///wD///8A////AAAAAAIAAABbAAAAlQAAAKIAAACbAAAAmwAAAKIAAACVAAAAWwAAAAL///8A////AP///wD///8A////AAAAABQAAADAAAAAYwAAAA3///8A////AP///wD///8AAAAADQAAAGMAAADAAAAAFP///wD///8A////AP///wAAAACdAAAAOv///wD///8A////AP///wD///8A////AP///wD///8AAAAAOgAAAJ3///8A////AP///wAAAAAnAAAAcP///wAAAAAoAAAASv///wD///8A////AP///wAAAABKAAAAKP///wAAAABwAAAAJ////wD///8AAAAAgQAAABwAAACIAAAAkAAAAJMAAACtAAAAFQAAABUAAACtAAAAkwAAAJAAAACIAAAAHAAAAIH///8A////AAAAAKQAAACrAAAAaP///wD///8AAAAARQAAANIAAADSAAAARf///wD///8AAAAAaAAAAKsAAACk////AAAAADMAAACcAAAAnQAAABj///8A////AP///wAAAAAYAAAAGP///wD///8A////AAAAABgAAACdAAAAnAAAADMAAAB1AAAAwwAAAP8AAADpAAAAsQAAAE4AAAAb////AP///wAAAAAbAAAATgAAALEAAADpAAAA/wAAAMMAAAB1AAAAtwAAAOkAAAD/AAAA/wAAAP8AAADvAAAA3gAAAN4AAADeAAAA3gAAAO8AAAD/AAAA/wAAAP8AAADpAAAAtwAAAGUAAAA/AAAA3wAAAP8AAAD/AAAA/wAAAP8AAAD/AAAA/wAAAP8AAAD/AAAA/wAAAP8AAADfAAAAPwAAAGX///8A////AAAAAEgAAADtAAAAvwAAAL0AAADGAAAA7wAAAO8AAADGAAAAvQAAAL8AAADtAAAASP///wD///8A////AP///wD///8AAAAAO////wD///8A////AAAAAIcAAACH////AP///wD///8AAAAAO////wD///8A////AP///wD///8A////AP///wD///8A////AP///wD///8A////AP///wD///8A////AP///wD///8A////AP///wD///8A////AP///wD///8A////AP///wD///8A////AP///wD///8A////AP///wD///8A////AP///wD///8A//8AAP//AAD4HwAA7/cAAN/7AAD//wAAoYUAAJ55AACf+QAAh+EAAAAAAADAAwAA4AcAAP5/AAD//wAA//8AAA=="/>
<link rel="icon" type="image/png" sizes="32x32" href="data:image/png;base64,iVBORw0KGgoAAAANSUhEUgAAACAAAAAgCAYAAABzenr0AAAABmJLR0QA/wD/AP+gvaeTAAAACXBIWXMAAA3XAAAN1wFCKJt4AAAAB3RJTUUH4QQQEwksSS9ZWwAAAk1JREFUWMPtll2ITVEUx39nn/O7Y5qR8f05wtCUUr6ZIS++8pEnkZInPImneaCQ5METNdOkeFBKUhMPRIkHKfEuUZSUlGlKPN2TrgfncpvmnntnmlEyq1Z7t89/rf9a6+y99oZxGZf/XeIq61EdtgKXgdXA0xrYAvBjOIF1AI9zvjcC74BSpndrJPkBWDScTF8Aa4E3wDlgHbASaANmVqlcCnwHvgDvgVfAJ+AikAAvgfVZwLnSVZHZaOuKoQi3ZOMi4NkYkpe1p4J7A8BpYAD49hfIy/oqG0+hLomiKP2L5L+1ubn5115S+3OAn4EnwBlgMzCjyt6ZAnQCJ4A7wOs88iRJHvw50HoujuPBoCKwHWiosy8MdfZnAdcHk8dxXFJ3VQbQlCTJvRBCGdRbD4M6uc5glpY3eAihpN5S5w12diSEcCCEcKUO4ljdr15T76ur1FDDLIQQ3qv71EdDOe3Kxj3leRXyk+pxdWnFWod6Wt2bY3de3aSuUHcPBVimHs7mK9WrmeOF6lR1o9qnzskh2ar2qm1qizpfXaPeVGdlmGN5pb09qMxz1Xb1kLqgzn1RyH7JUXW52lr5e/Kqi9qpto7V1atuUzfnARrV7jEib1T76gG2qxdGmXyiekkt1GswPTtek0aBfJp6YySGBfWg2tPQ0FAYgf1stUfdmdcjarbYJEniKIq6gY/Aw+zWHAC+p2labGpqiorFYgGYCEzN7oQdQClN07O1/EfDyGgC0ALMBdYAi4FyK+4H3gLPsxfR1zRNi+NP7nH5J+QntnXe5B5mpfQAAAAASUVORK5CYII=">

<!-- Google fonts -->
<link href='https://fonts.googleapis.com/css?family=Lato:400,600,900' rel='stylesheet' type='text/css'/>
<link href='https://fonts.googleapis.com/css?family=Source+Code+Pro:400,500,600' rel='stylesheet' type='text/css'/>

<!-- CSS -->
<title>Index</title>
<link rel="stylesheet" type="text/css" href="nimdoc.out.css">

<script type="text/javascript" src="dochack.js"></script>

<script type="text/javascript">
function main() {
  var pragmaDots = document.getElementsByClassName("pragmadots");
  for (var i = 0; i < pragmaDots.length; i++) {
    pragmaDots[i].onclick = function(event) {
      // Hide tease
      event.target.parentNode.style.display = "none";
      // Show actual
      event.target.parentNode.nextElementSibling.style.display = "inline";
    }
  }

  const toggleSwitch = document.querySelector('.theme-switch input[type="checkbox"]');
  function switchTheme(e) {
      if (e.target.checked) {
          document.documentElement.setAttribute('data-theme', 'dark');
          localStorage.setItem('theme', 'dark');
      } else {
          document.documentElement.setAttribute('data-theme', 'light');
          localStorage.setItem('theme', 'light');
      }
  }

  toggleSwitch.addEventListener('change', switchTheme, false);

  const currentTheme = localStorage.getItem('theme') ? localStorage.getItem('theme') : null;
  if (currentTheme) {
    document.documentElement.setAttribute('data-theme', currentTheme);

    if (currentTheme === 'dark') {
      toggleSwitch.checked = true;
    }
  }
}
</script>

</head>
<body onload="main()">
<div class="document" id="documentId">
  <div class="container">
    <h1 class="title">Index</h1>
    <small><center> hint: search <code>#foo:#</code> for an exact match of API symbol <code>foo</code></center></small><p/>
Modules: <a href="subdir/subdir_b/utils.html">subdir/subdir_b/utils</a>, <a href="testproject.html">testproject</a>.<br/><p /><h2>API symbols</h2>
<dl><dt><a name="A" href="#A"><span style="color: white">#</span><span>A:</span><span style="color: white">#</span></a></dt><dd><ul class="simple">
<li><a class="reference external"
          data-doc-search-tag="testproject: A" href="testproject.html#A">testproject: A</a></li>
          </ul></dd>
<dt><a name="addfBug14485" href="#addfBug14485"><span style="color: white">#</span><span>addfBug14485:</span><span style="color: white">#</span></a></dt><dd><ul class="simple">
<li><a class="reference external"
          data-doc-search-tag="testproject: addfBug14485()" href="testproject.html#addfBug14485">testproject: addfBug14485()</a></li>
          </ul></dd>
<dt><a name="aEnum" href="#aEnum"><span style="color: white">#</span><span>aEnum:</span><span style="color: white">#</span></a></dt><dd><ul class="simple">
<li><a class="reference external"
          data-doc-search-tag="utils: aEnum(): untyped" href="subdir/subdir_b/utils.html#aEnum.t">utils: aEnum(): untyped</a></li>
          </ul></dd>
<dt><a name="asyncFun1" href="#asyncFun1"><span style="color: white">#</span><span>asyncFun1:</span><span style="color: white">#</span></a></dt><dd><ul class="simple">
<li><a class="reference external"
          data-doc-search-tag="testproject: asyncFun1(): Future[int]" href="testproject.html#asyncFun1">testproject: asyncFun1(): Future[int]</a></li>
          </ul></dd>
<dt><a name="asyncFun2" href="#asyncFun2"><span style="color: white">#</span><span>asyncFun2:</span><span style="color: white">#</span></a></dt><dd><ul class="simple">
<li><a class="reference external"
          data-doc-search-tag="testproject: asyncFun2(): owned(Future[void])" href="testproject.html#asyncFun2">testproject: asyncFun2(): owned(Future[void])</a></li>
          </ul></dd>
<dt><a name="asyncFun3" href="#asyncFun3"><span style="color: white">#</span><span>asyncFun3:</span><span style="color: white">#</span></a></dt><dd><ul class="simple">
<li><a class="reference external"
          data-doc-search-tag="testproject: asyncFun3(): owned(Future[void])" href="testproject.html#asyncFun3">testproject: asyncFun3(): owned(Future[void])</a></li>
          </ul></dd>
<dt><a name="aVariable" href="#aVariable"><span style="color: white">#</span><span>aVariable:</span><span style="color: white">#</span></a></dt><dd><ul class="simple">
<li><a class="reference external"
          data-doc-search-tag="testproject: aVariable" href="testproject.html#aVariable">testproject: aVariable</a></li>
          </ul></dd>
<dt><a name="B" href="#B"><span style="color: white">#</span><span>B:</span><span style="color: white">#</span></a></dt><dd><ul class="simple">
<li><a class="reference external"
          data-doc-search-tag="testproject: B" href="testproject.html#B">testproject: B</a></li>
          </ul></dd>
<dt><a name="bar" href="#bar"><span style="color: white">#</span><span>bar:</span><span style="color: white">#</span></a></dt><dd><ul class="simple">
<li><a class="reference external"
          data-doc-search-tag="testproject: bar[T](a, b: T): T" href="testproject.html#bar%2CT%2CT">testproject: bar[T](a, b: T): T</a></li>
          <li><a class="reference external"
          data-doc-search-tag="testproject: bar(): untyped" href="testproject.html#bar.m">testproject: bar(): untyped</a></li>
          </ul></dd>
<dt><a name="baz" href="#baz"><span style="color: white">#</span><span>baz:</span><span style="color: white">#</span></a></dt><dd><ul class="simple">
<li><a class="reference external"
          data-doc-search-tag="testproject: baz()" href="testproject.html#baz">testproject: baz()</a></li>
          <li><a class="reference external"
          data-doc-search-tag="testproject: baz[T](a, b: T): T" href="testproject.html#baz%2CT%2CT">testproject: baz[T](a, b: T): T</a></li>
          </ul></dd>
<dt><a name="bEnum" href="#bEnum"><span style="color: white">#</span><span>bEnum:</span><span style="color: white">#</span></a></dt><dd><ul class="simple">
<li><a class="reference external"
          data-doc-search-tag="utils: bEnum(): untyped" href="subdir/subdir_b/utils.html#bEnum.t">utils: bEnum(): untyped</a></li>
          </ul></dd>
<dt><a name="buzz" href="#buzz"><span style="color: white">#</span><span>buzz:</span><span style="color: white">#</span></a></dt><dd><ul class="simple">
<li><a class="reference external"
          data-doc-search-tag="testproject: buzz[T](a, b: T): T" href="testproject.html#buzz%2CT%2CT">testproject: buzz[T](a, b: T): T</a></li>
          </ul></dd>
<dt><a name="C_A" href="#C_A"><span style="color: white">#</span><span>C_A:</span><span style="color: white">#</span></a></dt><dd><ul class="simple">
<li><a class="reference external"
          data-doc-search-tag="testproject: C_A" href="testproject.html#C_A">testproject: C_A</a></li>
          </ul></dd>
<dt><a name="C_B" href="#C_B"><span style="color: white">#</span><span>C_B:</span><span style="color: white">#</span></a></dt><dd><ul class="simple">
<li><a class="reference external"
          data-doc-search-tag="testproject: C_B" href="testproject.html#C_B">testproject: C_B</a></li>
          </ul></dd>
<dt><a name="C_C" href="#C_C"><span style="color: white">#</span><span>C_C:</span><span style="color: white">#</span></a></dt><dd><ul class="simple">
<li><a class="reference external"
          data-doc-search-tag="testproject: C_C" href="testproject.html#C_C">testproject: C_C</a></li>
          </ul></dd>
<dt><a name="C_D" href="#C_D"><span style="color: white">#</span><span>C_D:</span><span style="color: white">#</span></a></dt><dd><ul class="simple">
<li><a class="reference external"
          data-doc-search-tag="testproject: C_D" href="testproject.html#C_D">testproject: C_D</a></li>
          </ul></dd>
<dt><a name="c_nonexistant" href="#c_nonexistant"><span style="color: white">#</span><span>c_nonexistant:</span><span style="color: white">#</span></a></dt><dd><ul class="simple">
<li><a class="reference external"
          data-doc-search-tag="testproject: c_nonexistant(frmt: cstring): cint" href="testproject.html#c_nonexistant%2Ccstring">testproject: c_nonexistant(frmt: cstring): cint</a></li>
          </ul></dd>
<dt><a name="c_printf" href="#c_printf"><span style="color: white">#</span><span>c_printf:</span><span style="color: white">#</span></a></dt><dd><ul class="simple">
<li><a class="reference external"
          data-doc-search-tag="testproject: c_printf(frmt: cstring): cint" href="testproject.html#c_printf%2Ccstring">testproject: c_printf(frmt: cstring): cint</a></li>
          </ul></dd>
<dt><a name="enumValueA" href="#enumValueA"><span style="color: white">#</span><span>enumValueA:</span><span style="color: white">#</span></a></dt><dd><ul class="simple">
<li><a class="reference external"
          data-doc-search-tag="SomeType.enumValueA" href="subdir/subdir_b/utils.html#enumValueA">SomeType.enumValueA</a></li>
          </ul></dd>
<dt><a name="enumValueA2" href="#enumValueA2"><span style="color: white">#</span><span>enumValueA2:</span><span style="color: white">#</span></a></dt><dd><ul class="simple">
<li><a class="reference external"
          data-doc-search-tag="Foo.enumValueA2" href="testproject.html#enumValueA2">Foo.enumValueA2</a></li>
          </ul></dd>
<dt><a name="enumValueB" href="#enumValueB"><span style="color: white">#</span><span>enumValueB:</span><span style="color: white">#</span></a></dt><dd><ul class="simple">
<li><a class="reference external"
          data-doc-search-tag="SomeType.enumValueB" href="subdir/subdir_b/utils.html#enumValueB">SomeType.enumValueB</a></li>
          </ul></dd>
<dt><a name="enumValueC" href="#enumValueC"><span style="color: white">#</span><span>enumValueC:</span><span style="color: white">#</span></a></dt><dd><ul class="simple">
<li><a class="reference external"
          data-doc-search-tag="SomeType.enumValueC" href="subdir/subdir_b/utils.html#enumValueC">SomeType.enumValueC</a></li>
          </ul></dd>
<dt><a name="Foo" href="#Foo"><span style="color: white">#</span><span>Foo:</span><span style="color: white">#</span></a></dt><dd><ul class="simple">
<li><a class="reference external"
          data-doc-search-tag="testproject: Foo" href="testproject.html#Foo">testproject: Foo</a></li>
          </ul></dd>
<dt><a name="foo" href="#foo"><span style="color: white">#</span><span>foo:</span><span style="color: white">#</span></a></dt><dd><ul class="simple">
<li><a class="reference external"
          data-doc-search-tag="testproject: foo(a, b: SomeType)" href="testproject.html#foo.t%2CSomeType%2CSomeType">testproject: foo(a, b: SomeType)</a></li>
          </ul></dd>
<dt><a name="fromUtils1" href="#fromUtils1"><span style="color: white">#</span><span>fromUtils1:</span><span style="color: white">#</span></a></dt><dd><ul class="simple">
<li><a class="reference external"
          data-doc-search-tag="testproject: fromUtils1(): int" href="testproject.html#fromUtils1.i">testproject: fromUtils1(): int</a></li>
          </ul></dd>
<dt><a name="fromUtils2" href="#fromUtils2"><span style="color: white">#</span><span>fromUtils2:</span><span style="color: white">#</span></a></dt><dd><ul class="simple">
<li><a class="reference external"
          data-doc-search-tag="testproject: fromUtils2()" href="testproject.html#fromUtils2.t">testproject: fromUtils2()</a></li>
          </ul></dd>
<dt><a name="fromUtils3" href="#fromUtils3"><span style="color: white">#</span><span>fromUtils3:</span><span style="color: white">#</span></a></dt><dd><ul class="simple">
<li><a class="reference external"
          data-doc-search-tag="testproject: fromUtils3()" href="testproject.html#fromUtils3">testproject: fromUtils3()</a></li>
          </ul></dd>
<dt><a name="fromUtilsGen" href="#fromUtilsGen"><span style="color: white">#</span><span>fromUtilsGen:</span><span style="color: white">#</span></a></dt><dd><ul class="simple">
<li><a class="reference external"
          data-doc-search-tag="utils: fromUtilsGen(): untyped" href="subdir/subdir_b/utils.html#fromUtilsGen.t">utils: fromUtilsGen(): untyped</a></li>
          </ul></dd>
<dt><a name="isValid" href="#isValid"><span style="color: white">#</span><span>isValid:</span><span style="color: white">#</span></a></dt><dd><ul class="simple">
<li><a class="reference external"
          data-doc-search-tag="testproject: isValid[T](x: T): bool" href="testproject.html#isValid%2CT">testproject: isValid[T](x: T): bool</a></li>
          </ul></dd>
<dt><a name="iter1" href="#iter1"><span style="color: white">#</span><span>iter1:</span><span style="color: white">#</span></a></dt><dd><ul class="simple">
<li><a class="reference external"
          data-doc-search-tag="testproject: iter1(n: int): int" href="testproject.html#iter1.i%2Cint">testproject: iter1(n: int): int</a></li>
          </ul></dd>
<dt><a name="iter2" href="#iter2"><span style="color: white">#</span><span>iter2:</span><span style="color: white">#</span></a></dt><dd><ul class="simple">
<li><a class="reference external"
          data-doc-search-tag="testproject: iter2(n: int): int" href="testproject.html#iter2.i%2Cint">testproject: iter2(n: int): int</a></li>
          </ul></dd>
<dt><a name="low" href="#low"><span style="color: white">#</span><span>low:</span><span style="color: white">#</span></a></dt><dd><ul class="simple">
<li><a class="reference external"
          data-doc-search-tag="testproject: low[T: Ordinal | enum | range](x: T): T" href="testproject.html#low%2CT">testproject: low[T: Ordinal | enum | range](x: T): T</a></li>
          </ul></dd>
<dt><a name="low2" href="#low2"><span style="color: white">#</span><span>low2:</span><span style="color: white">#</span></a></dt><dd><ul class="simple">
<li><a class="reference external"
          data-doc-search-tag="testproject: low2[T: Ordinal | enum | range](x: T): T" href="testproject.html#low2%2CT">testproject: low2[T: Ordinal | enum | range](x: T): T</a></li>
          </ul></dd>
<dt><a name="method1" href="#method1"><span style="color: white">#</span><span>method1:</span><span style="color: white">#</span></a></dt><dd><ul class="simple">
<li><a class="reference external"
          data-doc-search-tag="testproject: method1(self: Moo)" href="testproject.html#method1.e%2CMoo">testproject: method1(self: Moo)</a></li>
          </ul></dd>
<dt><a name="method2" href="#method2"><span style="color: white">#</span><span>method2:</span><span style="color: white">#</span></a></dt><dd><ul class="simple">
<li><a class="reference external"
          data-doc-search-tag="testproject: method2(self: Moo): int" href="testproject.html#method2.e%2CMoo">testproject: method2(self: Moo): int</a></li>
          </ul></dd>
<dt><a name="method3" href="#method3"><span style="color: white">#</span><span>method3:</span><span style="color: white">#</span></a></dt><dd><ul class="simple">
<li><a class="reference external"
          data-doc-search-tag="testproject: method3(self: Moo): int" href="testproject.html#method3.e%2CMoo">testproject: method3(self: Moo): int</a></li>
          </ul></dd>
<dt><a name="myfn" href="#myfn"><span style="color: white">#</span><span>myfn:</span><span style="color: white">#</span></a></dt><dd><ul class="simple">
<li><a class="reference external"
          data-doc-search-tag="testproject: myfn()" href="testproject.html#myfn.t">testproject: myfn()</a></li>
          </ul></dd>
<dt><a name="p1" href="#p1"><span style="color: white">#</span><span>p1:</span><span style="color: white">#</span></a></dt><dd><ul class="simple">
<li><a class="reference external"
          data-doc-search-tag="testproject: p1()" href="testproject.html#p1">testproject: p1()</a></li>
          </ul></dd>
<dt><a name="someFunc" href="#someFunc"><span style="color: white">#</span><span>someFunc:</span><span style="color: white">#</span></a></dt><dd><ul class="simple">
<li><a class="reference external"
          data-doc-search-tag="testproject: someFunc()" href="testproject.html#someFunc">testproject: someFunc()</a></li>
          </ul></dd>
<dt><a name="SomeType" href="#SomeType"><span style="color: white">#</span><span>SomeType:</span><span style="color: white">#</span></a></dt><dd><ul class="simple">
<li><a class="reference external"
          data-doc-search-tag="utils: SomeType" href="subdir/subdir_b/utils.html#SomeType">utils: SomeType</a></li>
          </ul></dd>
<dt><a name="someType" href="#someType"><span style="color: white">#</span><span>someType:</span><span style="color: white">#</span></a></dt><dd><ul class="simple">
<li><a class="reference external"
          data-doc-search-tag="utils: someType(): SomeType" href="subdir/subdir_b/utils.html#someType_2">utils: someType(): SomeType</a></li>
          </ul></dd>
<dt><a name="testNimDocTrailingExample" href="#testNimDocTrailingExample"><span style="color: white">#</span><span>testNimDocTrailingExample:</span><span style="color: white">#</span></a></dt><dd><ul class="simple">
<li><a class="reference external"
          data-doc-search-tag="testproject: testNimDocTrailingExample()" href="testproject.html#testNimDocTrailingExample.t">testproject: testNimDocTrailingExample()</a></li>
          </ul></dd>
<dt><a name="tripleStrLitTest" href="#tripleStrLitTest"><span style="color: white">#</span><span>tripleStrLitTest:</span><span style="color: white">#</span></a></dt><dd><ul class="simple">
<li><a class="reference external"
          data-doc-search-tag="testproject: tripleStrLitTest()" href="testproject.html#tripleStrLitTest">testproject: tripleStrLitTest()</a></li>
          </ul></dd>
<dt><a name="z1" href="#z1"><span style="color: white">#</span><span>z1:</span><span style="color: white">#</span></a></dt><dd><ul class="simple">
<li><a class="reference external"
          data-doc-search-tag="testproject: z1(): Foo" href="testproject.html#z1">testproject: z1(): Foo</a></li>
          </ul></dd>
<dt><a name="z10" href="#z10"><span style="color: white">#</span><span>z10:</span><span style="color: white">#</span></a></dt><dd><ul class="simple">
<li><a class="reference external"
          data-doc-search-tag="testproject: z10()" href="testproject.html#z10">testproject: z10()</a></li>
          </ul></dd>
<dt><a name="z11" href="#z11"><span style="color: white">#</span><span>z11:</span><span style="color: white">#</span></a></dt><dd><ul class="simple">
<li><a class="reference external"
          data-doc-search-tag="testproject: z11()" href="testproject.html#z11">testproject: z11()</a></li>
          </ul></dd>
<dt><a name="z12" href="#z12"><span style="color: white">#</span><span>z12:</span><span style="color: white">#</span></a></dt><dd><ul class="simple">
<li><a class="reference external"
          data-doc-search-tag="testproject: z12(): int" href="testproject.html#z12">testproject: z12(): int</a></li>
          </ul></dd>
<dt><a name="z13" href="#z13"><span style="color: white">#</span><span>z13:</span><span style="color: white">#</span></a></dt><dd><ul class="simple">
<li><a class="reference external"
          data-doc-search-tag="testproject: z13()" href="testproject.html#z13">testproject: z13()</a></li>
          </ul></dd>
<dt><a name="z14" href="#z14"><span style="color: white">#</span><span>z14:</span><span style="color: white">#</span></a></dt><dd><ul class="simple">
<li><a class="reference external"
          data-doc-search-tag="testproject: z14()" href="testproject.html#z14.t">testproject: z14()</a></li>
          </ul></dd>
<dt><a name="z15" href="#z15"><span style="color: white">#</span><span>z15:</span><span style="color: white">#</span></a></dt><dd><ul class="simple">
<li><a class="reference external"
          data-doc-search-tag="testproject: z15()" href="testproject.html#z15.t">testproject: z15()</a></li>
          </ul></dd>
<dt><a name="z16" href="#z16"><span style="color: white">#</span><span>z16:</span><span style="color: white">#</span></a></dt><dd><ul class="simple">
<li><a class="reference external"
          data-doc-search-tag="testproject: z16()" href="testproject.html#z16.m">testproject: z16()</a></li>
          </ul></dd>
<dt><a name="z17" href="#z17"><span style="color: white">#</span><span>z17:</span><span style="color: white">#</span></a></dt><dd><ul class="simple">
<li><a class="reference external"
          data-doc-search-tag="testproject: z17()" href="testproject.html#z17">testproject: z17()</a></li>
          </ul></dd>
<dt><a name="z18" href="#z18"><span style="color: white">#</span><span>z18:</span><span style="color: white">#</span></a></dt><dd><ul class="simple">
<li><a class="reference external"
          data-doc-search-tag="testproject: z18(): int" href="testproject.html#z18.m">testproject: z18(): int</a></li>
          </ul></dd>
<dt><a name="z2" href="#z2"><span style="color: white">#</span><span>z2:</span><span style="color: white">#</span></a></dt><dd><ul class="simple">
<li><a class="reference external"
          data-doc-search-tag="testproject: z2()" href="testproject.html#z2">testproject: z2()</a></li>
          </ul></dd>
<dt><a name="z3" href="#z3"><span style="color: white">#</span><span>z3:</span><span style="color: white">#</span></a></dt><dd><ul class="simple">
<li><a class="reference external"
          data-doc-search-tag="testproject: z3()" href="testproject.html#z3">testproject: z3()</a></li>
          </ul></dd>
<dt><a name="z4" href="#z4"><span style="color: white">#</span><span>z4:</span><span style="color: white">#</span></a></dt><dd><ul class="simple">
<li><a class="reference external"
          data-doc-search-tag="testproject: z4()" href="testproject.html#z4">testproject: z4()</a></li>
          </ul></dd>
<dt><a name="z5" href="#z5"><span style="color: white">#</span><span>z5:</span><span style="color: white">#</span></a></dt><dd><ul class="simple">
<li><a class="reference external"
          data-doc-search-tag="testproject: z5(): int" href="testproject.html#z5">testproject: z5(): int</a></li>
          </ul></dd>
<dt><a name="z6" href="#z6"><span style="color: white">#</span><span>z6:</span><span style="color: white">#</span></a></dt><dd><ul class="simple">
<li><a class="reference external"
          data-doc-search-tag="testproject: z6(): int" href="testproject.html#z6">testproject: z6(): int</a></li>
          </ul></dd>
<dt><a name="z6t" href="#z6t"><span style="color: white">#</span><span>z6t:</span><span style="color: white">#</span></a></dt><dd><ul class="simple">
<li><a class="reference external"
          data-doc-search-tag="testproject: z6t(): int" href="testproject.html#z6t.t">testproject: z6t(): int</a></li>
          </ul></dd>
<dt><a name="z7" href="#z7"><span style="color: white">#</span><span>z7:</span><span style="color: white">#</span></a></dt><dd><ul class="simple">
<li><a class="reference external"
          data-doc-search-tag="testproject: z7(): int" href="testproject.html#z7">testproject: z7(): int</a></li>
          </ul></dd>
<dt><a name="z8" href="#z8"><span style="color: white">#</span><span>z8:</span><span style="color: white">#</span></a></dt><dd><ul class="simple">
<li><a class="reference external"
          data-doc-search-tag="testproject: z8(): int" href="testproject.html#z8">testproject: z8(): int</a></li>
          </ul></dd>
<dt><a name="z9" href="#z9"><span style="color: white">#</span><span>z9:</span><span style="color: white">#</span></a></dt><dd><ul class="simple">
<li><a class="reference external"
          data-doc-search-tag="testproject: z9()" href="testproject.html#z9">testproject: z9()</a></li>
          </ul></dd>
</dl>
    <div class="row">
      <div class="twelve-columns footer">
        <span class="nim-sprite"></span>
        <br/>
        <small style="color: var(--hint);">Made with Nim. Generated: 1970-01-02 03:46:40 UTC</small>
      </div>
    </div>
  </div>
</div>

</body>
</html>
